<html>
<body>
<pre>
<h1>µVision Build Log</h1>
<h2>Project:</h2>
D:\work\sampler\Software\mcu_project\keil\mcu_project.uvproj
Project File Date:  03/24/2017

<h2>Output:</h2>
Build target 'default'
compiling proc.c...
linking...
Program Size: Code=15392 RO-data=336 RW-data=96 ZI-data=1736  
FromELF: creating hex file...
User command #1: fromelf.exe --bin -o mcu_project.bin mcu_project.axf
"mcu_project.axf" - 0 Error(s), 0 Warning(s).
Build target 'default'
compiling uart.c...
compiling fifo.c...
assembling startup_stm32f10x_hd.s...
linking...
Program Size: Code=15396 RO-data=336 RW-data=96 ZI-data=5320  
FromELF: creating hex file...
User command #1: fromelf.exe --bin -o mcu_project.bin mcu_project.axf
"mcu_project.axf" - 0 Error(s), 0 Warning(s).
Build target 'default'
compiling main.c...
compiling proc.c...
compiling uart.c...
compiling fifo.c...
linking...
Program Size: Code=15404 RO-data=336 RW-data=96 ZI-data=5320  
FromELF: creating hex file...
User command #1: fromelf.exe --bin -o mcu_project.bin mcu_project.axf
"mcu_project.axf" - 0 Error(s), 0 Warning(s).
Build target 'default'
compiling main.c...
compiling proc.c...
compiling clk.c...
compiling mcu.c...
compiling print.c...
compiling uart.c...
compiling fifo.c...
compiling stm32f10x_it.c...
linking...
Program Size: Code=15404 RO-data=336 RW-data=96 ZI-data=5320  
FromELF: creating hex file...
User command #1: fromelf.exe --bin -o mcu_project.bin mcu_project.axf
"mcu_project.axf" - 0 Error(s), 0 Warning(s).
Build target 'default'
compiling main.c...
compiling proc.c...
compiling clk.c...
compiling led.c...
compiling mcu.c...
compiling print.c...
compiling utprt.c...
compiling uart.c...
compiling fifo.c...
compiling core_cm3.c...
compiling stm32f10x_it.c...
compiling system_stm32f10x.c...
linking...
Program Size: Code=15448 RO-data=348 RW-data=96 ZI-data=5320  
FromELF: creating hex file...
User command #1: fromelf.exe --bin -o mcu_project.bin mcu_project.axf
"mcu_project.axf" - 0 Error(s), 0 Warning(s).
Build target 'default'
compiling main.c...
..\code\app\config.h(26): error:  #969: the identifier __VA_ARGS__ can only appear in the replacement lists of variadic macros
compiling proc.c...
..\code\app\config.h(26): error:  #969: the identifier __VA_ARGS__ can only appear in the replacement lists of variadic macros
compiling clk.c...
..\code\app\config.h(26): error:  #969: the identifier __VA_ARGS__ can only appear in the replacement lists of variadic macros
compiling mcu.c...
..\code\app\config.h(26): error:  #969: the identifier __VA_ARGS__ can only appear in the replacement lists of variadic macros
compiling print.c...
..\code\app\config.h(26): error:  #969: the identifier __VA_ARGS__ can only appear in the replacement lists of variadic macros
compiling uart.c...
..\code\app\config.h(26): error:  #969: the identifier __VA_ARGS__ can only appear in the replacement lists of variadic macros
compiling fifo.c...
..\code\app\config.h(26): error:  #969: the identifier __VA_ARGS__ can only appear in the replacement lists of variadic macros
..\code\driver\fifo.c(20): warning:  #47-D: incompatible redefinition of macro "_TRACE_LEVEL_" (declared at line 17 of "..\code\app\config.h")
..\code\driver\fifo.c(46): warning:  #224-D: the format string requires additional arguments
..\code\driver\fifo.c(46): error:  #18: expected a ")"
..\code\driver\fifo.c(46): error:  #969: the identifier __VA_ARGS__ can only appear in the replacement lists of variadic macros
..\code\driver\fifo.c(46): error:  #109: expression must have (pointer-to-) function type
..\code\driver\fifo.c(50): warning:  #224-D: the format string requires additional arguments
..\code\driver\fifo.c(50): error:  #18: expected a ")"
..\code\driver\fifo.c(50): error:  #969: the identifier __VA_ARGS__ can only appear in the replacement lists of variadic macros
..\code\driver\fifo.c(50): error:  #109: expression must have (pointer-to-) function type
..\code\driver\fifo.c(53): warning:  #223-D: function "TRACE" declared implicitly
..\code\driver\fifo.c(77): warning:  #224-D: the format string requires additional arguments
..\code\driver\fifo.c: ERROR: %d\r\n", err);
..\code\driver\fifo.c(77): error:  #18: expected a ")"
..\code\driver\fifo.c: ERROR: %d\r\n", err);
..\code\driver\fifo.c(77): error:  #969: the identifier __VA_ARGS__ can only appear in the replacement lists of variadic macros
..\code\driver\fifo.c: ERROR: %d\r\n", err);
..\code\driver\fifo.c(77): error:  #109: expression must have (pointer-to-) function type
..\code\driver\fifo.c: ERROR: %d\r\n", err);
..\code\driver\fifo.c(90): warning:  #224-D: the format string requires additional arguments
..\code\driver\fifo.c(90): error:  #18: expected a ")"
..\code\driver\fifo.c(90): error:  #969: the identifier __VA_ARGS__ can only appear in the replacement lists of variadic macros
..\code\driver\fifo.c(90): error:  #109: expression must have (pointer-to-) function type
..\code\driver\fifo.c(94): warning:  #224-D: the format string requires additional arguments
..\code\driver\fifo.c(94): error:  #18: expected a ")"
..\code\driver\fifo.c(94): error:  #969: the identifier __VA_ARGS__ can only appear in the replacement lists of variadic macros
..\code\driver\fifo.c(94): error:  #109: expression must have (pointer-to-) function type
..\code\driver\fifo.c(96): warning:  #224-D: the format string requires additional arguments
..\code\driver\fifo.c(96): error:  #18: expected a ")"
..\code\driver\fifo.c(96): error:  #969: the identifier __VA_ARGS__ can only appear in the replacement lists of variadic macros
..\code\driver\fifo.c(96): error:  #109: expression must have (pointer-to-) function type
..\code\driver\fifo.c(123): warning:  #224-D: the format string requires additional arguments
..\code\driver\fifo.c: ERROR: %d", err);
..\code\driver\fifo.c(123): error:  #18: expected a ")"
..\code\driver\fifo.c: ERROR: %d", err);
..\code\driver\fifo.c(123): error:  #969: the identifier __VA_ARGS__ can only appear in the replacement lists of variadic macros
..\code\driver\fifo.c: ERROR: %d", err);
..\code\driver\fifo.c(123): error:  #109: expression must have (pointer-to-) function type
..\code\driver\fifo.c: ERROR: %d", err);
..\code\driver\fifo.c(135): warning:  #224-D: the format string requires additional arguments
..\code\driver\fifo.c(135): error:  #18: expected a ")"
..\code\driver\fifo.c(135): error:  #969: the identifier __VA_ARGS__ can only appear in the replacement lists of variadic macros
..\code\driver\fifo.c(135): error:  #109: expression must have (pointer-to-) function type
..\code\driver\fifo.c(139): warning:  #224-D: the format string requires additional arguments
..\code\driver\fifo.c(139): error:  #18: expected a ")"
..\code\driver\fifo.c(139): error:  #969: the identifier __VA_ARGS__ can only appear in the replacement lists of variadic macros
..\code\driver\fifo.c(139): error:  #109: expression must have (pointer-to-) function type
..\code\driver\fifo.c(141): warning:  #224-D: the format string requires additional arguments
..\code\driver\fifo.c(141): error:  #18: expected a ")"
..\code\driver\fifo.c(141): error:  #969: the identifier __VA_ARGS__ can only appear in the replacement lists of variadic macros
Target not created
Build target 'default'
compiling main.c...
compiling proc.c...
compiling clk.c...
compiling mcu.c...
compiling print.c...
compiling uart.c...
compiling fifo.c...
..\code\driver\fifo.c(20): warning:  #47-D: incompatible redefinition of macro "_TRACE_LEVEL_" (declared at line 17 of "..\code\app\config.h")
..\code\driver\fifo.c(53): warning:  #223-D: function "TRACE" declared implicitly
compiling stm32f10x_it.c...
linking...
mcu_project.axf: Error: L6218E: Undefined symbol TRACE (referred from fifo.o).
Target not created
Build target 'default'
compiling fifo.c...
..\code\driver\fifo.c(56): warning:  #223-D: function "TRACE" declared implicitly
linking...
mcu_project.axf: Error: L6218E: Undefined symbol TRACE (referred from fifo.o).
Target not created
Build target 'default'
compiling fifo.c...
linking...
Program Size: Code=15776 RO-data=404 RW-data=96 ZI-data=5320  
FromELF: creating hex file...
User command #1: fromelf.exe --bin -o mcu_project.bin mcu_project.axf
"mcu_project.axf" - 0 Error(s), 0 Warning(s).
Build target 'default'
compiling main.c...
compiling proc.c...
compiling clk.c...
compiling mcu.c...
compiling print.c...
compiling uart.c...
compiling fifo.c...
compiling stm32f10x_it.c...
linking...
Program Size: Code=15776 RO-data=404 RW-data=96 ZI-data=5320  
FromELF: creating hex file...
User command #1: fromelf.exe --bin -o mcu_project.bin mcu_project.axf
"mcu_project.axf" - 0 Error(s), 0 Warning(s).
Build target 'default'
compiling uart.c...
linking...
Program Size: Code=16132 RO-data=528 RW-data=96 ZI-data=5320  
FromELF: creating hex file...
User command #1: fromelf.exe --bin -o mcu_project.bin mcu_project.axf
"mcu_project.axf" - 0 Error(s), 0 Warning(s).
Build target 'default'
compiling fifo.c...
linking...
Program Size: Code=16132 RO-data=528 RW-data=96 ZI-data=5320  
FromELF: creating hex file...
User command #1: fromelf.exe --bin -o mcu_project.bin mcu_project.axf
"mcu_project.axf" - 0 Error(s), 0 Warning(s).
Build target 'default'
compiling fifo.c...
linking...
Program Size: Code=16132 RO-data=528 RW-data=96 ZI-data=5320  
FromELF: creating hex file...
User command #1: fromelf.exe --bin -o mcu_project.bin mcu_project.axf
"mcu_project.axf" - 0 Error(s), 0 Warning(s).
Build target 'default'
compiling main.c...
compiling proc.c...
compiling clk.c...
compiling mcu.c...
compiling print.c...
compiling uart.c...
..\code\driver\uart.c(15): warning:  #174-D: expression has no effect
..\code\driver\uart.c(18): warning:  #174-D: expression has no effect
..\code\driver\uart.c(23): warning:  #174-D: expression has no effect
..\code\driver\uart.c(23): warning:  #174-D: expression has no effect
..\code\driver\uart.c(23): warning:  #174-D: expression has no effect
..\code\driver\uart.c(42): warning:  #174-D: expression has no effect
..\code\driver\uart.c(42): warning:  #174-D: expression has no effect
..\code\driver\uart.c(49): warning:  #174-D: expression has no effect
..\code\driver\uart.c(51): warning:  #174-D: expression has no effect
..\code\driver\uart.c(51): warning:  #174-D: expression has no effect
..\code\driver\uart.c(56): warning:  #174-D: expression has no effect
..\code\driver\uart.c(84): warning:  #174-D: expression has no effect
..\code\driver\uart.c(84): warning:  #174-D: expression has no effect
..\code\driver\uart.c(105): warning:  #174-D: expression has no effect
..\code\driver\uart.c(160): warning:  #174-D: expression has no effect
..\code\driver\uart.c(221): warning:  #174-D: expression has no effect
..\code\driver\uart.c(289): warning:  #174-D: expression has no effect
..\code\driver\uart.c(346): warning:  #174-D: expression has no effect
..\code\driver\uart.c(384): warning:  #174-D: expression has no effect
compiling fifo.c...
..\code\driver\fifo.c(45): warning:  #174-D: expression has no effect
..\code\driver\fifo.c(49): warning:  #174-D: expression has no effect
..\code\driver\fifo.c(52): warning:  #174-D: expression has no effect
..\code\driver\fifo.c(52): warning:  #174-D: expression has no effect
..\code\driver\fifo.c(52): warning:  #174-D: expression has no effect
..\code\driver\fifo.c(76): warning:  #174-D: expression has no effect
..\code\driver\fifo.c: ERROR: %d\r\n", err);
..\code\driver\fifo.c(76): warning:  #174-D: expression has no effect
..\code\driver\fifo.c: ERROR: %d\r\n", err);
..\code\driver\fifo.c(89): warning:  #174-D: expression has no effect
..\code\driver\fifo.c(89): warning:  #174-D: expression has no effect
..\code\driver\fifo.c(89): warning:  #174-D: expression has no effect
..\code\driver\fifo.c(89): warning:  #174-D: expression has no effect
..\code\driver\fifo.c(93): warning:  #174-D: expression has no effect
..\code\driver\fifo.c(93): warning:  #174-D: expression has no effect
..\code\driver\fifo.c(95): warning:  #174-D: expression has no effect
..\code\driver\fifo.c(122): warning:  #174-D: expression has no effect
..\code\driver\fifo.c: ERROR: %d", err);
..\code\driver\fifo.c(122): warning:  #174-D: expression has no effect
..\code\driver\fifo.c: ERROR: %d", err);
..\code\driver\fifo.c(134): warning:  #174-D: expression has no effect
..\code\driver\fifo.c(134): warning:  #174-D: expression has no effect
..\code\driver\fifo.c(134): warning:  #174-D: expression has no effect
..\code\driver\fifo.c(134): warning:  #174-D: expression has no effect
..\code\driver\fifo.c(138): warning:  #174-D: expression has no effect
..\code\driver\fifo.c(138): warning:  #174-D: expression has no effect
..\code\driver\fifo.c(140): warning:  #174-D: expression has no effect
..\code\driver\fifo.c(164): warning:  #174-D: expression has no effect
..\code\driver\fifo.c: ERROR: %d", err);
..\code\driver\fifo.c(164): warning:  #174-D: expression has no effect
..\code\driver\fifo.c: ERROR: %d", err);
..\code\driver\fifo.c(167): warning:  #174-D: expression has no effect
..\code\driver\fifo.c(172): warning:  #174-D: expression has no effect
..\code\driver\fifo.c(172): warning:  #174-D: expression has no effect
..\code\driver\fifo.c(172): warning:  #174-D: expression has no effect
..\code\driver\fifo.c(183): warning:  #174-D: expression has no effect
..\code\driver\fifo.c(191): warning:  #174-D: expression has no effect
..\code\driver\fifo.c(193): warning:  #174-D: expression has no effect
..\code\driver\fifo.c(193): warning:  #174-D: expression has no effect
..\code\driver\fifo.c(193): warning:  #174-D: expression has no effect
Target not created
Build target 'default'
compiling main.c...
compiling proc.c...
compiling clk.c...
compiling mcu.c...
compiling print.c...
compiling uart.c...
..\code\driver\uart.c(15): warning:  #223-D: function "nullPrint" declared implicitly
..\code\driver\uart.c(42): warning:  #223-D: function "nullPrint" declared implicitly
..\code\driver\uart.c(49): warning:  #223-D: function "nullPrint" declared implicitly
..\code\driver\uart.c(84): warning:  #223-D: function "nullPrint" declared implicitly
..\code\driver\uart.c(105): warning:  #223-D: function "nullPrint" declared implicitly
..\code\driver\uart.c(160): warning:  #223-D: function "nullPrint" declared implicitly
..\code\driver\uart.c(221): warning:  #223-D: function "nullPrint" declared implicitly
..\code\driver\uart.c(289): warning:  #223-D: function "nullPrint" declared implicitly
..\code\driver\uart.c(346): warning:  #223-D: function "nullPrint" declared implicitly
..\code\driver\uart.c(384): warning:  #223-D: function "nullPrint" declared implicitly
compiling fifo.c...
..\code\driver\fifo.c(45): warning:  #223-D: function "nullPrint" declared implicitly
..\code\driver\fifo.c(49): warning:  #223-D: function "nullPrint" declared implicitly
..\code\driver\fifo.c(52): warning:  #223-D: function "nullPrint" declared implicitly
..\code\driver\fifo.c(76): warning:  #223-D: function "nullPrint" declared implicitly
..\code\driver\fifo.c: ERROR: %d\r\n", err);
..\code\driver\fifo.c(89): warning:  #223-D: function "nullPrint" declared implicitly
..\code\driver\fifo.c(122): warning:  #223-D: function "nullPrint" declared implicitly
..\code\driver\fifo.c: ERROR: %d", err);
..\code\driver\fifo.c(134): warning:  #223-D: function "nullPrint" declared implicitly
..\code\driver\fifo.c(164): warning:  #223-D: function "nullPrint" declared implicitly
..\code\driver\fifo.c: ERROR: %d", err);
..\code\driver\fifo.c(167): warning:  #223-D: function "nullPrint" declared implicitly
..\code\driver\fifo.c(183): warning:  #223-D: function "nullPrint" declared implicitly
..\code\driver\fifo.c(191): warning:  #223-D: function "nullPrint" declared implicitly
..\code\driver\fifo.c(193): warning:  #223-D: function "nullPrint" declared implicitly
Target not created
Build target 'default'
compiling main.c...
compiling proc.c...
compiling clk.c...
compiling mcu.c...
compiling print.c...
compiling uart.c...
..\code\driver\uart.c(15): warning:  #223-D: function "nullPrint" declared implicitly
..\code\driver\uart.c(42): warning:  #223-D: function "nullPrint" declared implicitly
..\code\driver\uart.c(49): warning:  #223-D: function "nullPrint" declared implicitly
..\code\driver\uart.c(84): warning:  #223-D: function "nullPrint" declared implicitly
..\code\driver\uart.c(105): warning:  #223-D: function "nullPrint" declared implicitly
..\code\driver\uart.c(160): warning:  #223-D: function "nullPrint" declared implicitly
..\code\driver\uart.c(221): warning:  #223-D: function "nullPrint" declared implicitly
..\code\driver\uart.c(289): warning:  #223-D: function "nullPrint" declared implicitly
..\code\driver\uart.c(346): warning:  #223-D: function "nullPrint" declared implicitly
..\code\driver\uart.c(384): warning:  #223-D: function "nullPrint" declared implicitly
compiling fifo.c...
..\code\driver\fifo.c(45): warning:  #223-D: function "nullPrint" declared implicitly
..\code\driver\fifo.c(49): warning:  #223-D: function "nullPrint" declared implicitly
..\code\driver\fifo.c(52): warning:  #223-D: function "nullPrint" declared implicitly
..\code\driver\fifo.c(76): warning:  #223-D: function "nullPrint" declared implicitly
..\code\driver\fifo.c: ERROR: %d\r\n", err);
..\code\driver\fifo.c(89): warning:  #223-D: function "nullPrint" declared implicitly
..\code\driver\fifo.c(122): warning:  #223-D: function "nullPrint" declared implicitly
..\code\driver\fifo.c: ERROR: %d", err);
..\code\driver\fifo.c(134): warning:  #223-D: function "nullPrint" declared implicitly
..\code\driver\fifo.c(164): warning:  #223-D: function "nullPrint" declared implicitly
..\code\driver\fifo.c: ERROR: %d", err);
..\code\driver\fifo.c(167): warning:  #223-D: function "nullPrint" declared implicitly
..\code\driver\fifo.c(183): warning:  #223-D: function "nullPrint" declared implicitly
..\code\driver\fifo.c(191): warning:  #223-D: function "nullPrint" declared implicitly
..\code\driver\fifo.c(193): warning:  #223-D: function "nullPrint" declared implicitly
Target not created
Build target 'default'
compiling main.c...
compiling proc.c...
compiling clk.c...
compiling mcu.c...
compiling print.c...
compiling uart.c...
compiling fifo.c...
compiling stm32f10x_it.c...
linking...
Program Size: Code=14920 RO-data=336 RW-data=96 ZI-data=5320  
FromELF: creating hex file...
User command #1: fromelf.exe --bin -o mcu_project.bin mcu_project.axf
"mcu_project.axf" - 0 Error(s), 0 Warning(s).
Build target 'default'
compiling main.c...
compiling proc.c...
compiling clk.c...
compiling mcu.c...
compiling print.c...
compiling uart.c...
compiling fifo.c...
compiling stm32f10x_it.c...
linking...
Program Size: Code=13924 RO-data=336 RW-data=96 ZI-data=5320  
FromELF: creating hex file...
User command #1: fromelf.exe --bin -o mcu_project.bin mcu_project.axf
"mcu_project.axf" - 0 Error(s), 0 Warning(s).
Build target 'default'
compiling main.c...
compiling proc.c...
compiling clk.c...
compiling mcu.c...
compiling print.c...
compiling uart.c...
compiling fifo.c...
compiling stm32f10x_it.c...
linking...
Program Size: Code=15404 RO-data=336 RW-data=96 ZI-data=5320  
FromELF: creating hex file...
User command #1: fromelf.exe --bin -o mcu_project.bin mcu_project.axf
"mcu_project.axf" - 0 Error(s), 0 Warning(s).
Build target 'default'
compiling main.c...
compiling proc.c...
compiling clk.c...
compiling mcu.c...
compiling print.c...
compiling uart.c...
compiling fifo.c...
compiling stm32f10x_it.c...
linking...
Program Size: Code=15840 RO-data=528 RW-data=96 ZI-data=5320  
FromELF: creating hex file...
User command #1: fromelf.exe --bin -o mcu_project.bin mcu_project.axf
"mcu_project.axf" - 0 Error(s), 0 Warning(s).
Build target 'default'
compiling main.c...
compiling proc.c...
compiling clk.c...
compiling mcu.c...
compiling print.c...
compiling uart.c...
compiling fifo.c...
compiling stm32f10x_it.c...
linking...
Program Size: Code=15840 RO-data=528 RW-data=96 ZI-data=5320  
FromELF: creating hex file...
User command #1: fromelf.exe --bin -o mcu_project.bin mcu_project.axf
"mcu_project.axf" - 0 Error(s), 0 Warning(s).
Build target 'default'
compiling main.c...
compiling proc.c...
compiling clk.c...
compiling mcu.c...
compiling print.c...
compiling uart.c...
compiling fifo.c...
compiling stm32f10x_it.c...
linking...
Program Size: Code=15840 RO-data=528 RW-data=96 ZI-data=5320  
FromELF: creating hex file...
User command #1: fromelf.exe --bin -o mcu_project.bin mcu_project.axf
"mcu_project.axf" - 0 Error(s), 0 Warning(s).
Build target 'default'
compiling main.c...
compiling proc.c...
compiling clk.c...
compiling mcu.c...
compiling print.c...
compiling uart.c...
compiling fifo.c...
compiling stm32f10x_it.c...
linking...
Program Size: Code=15840 RO-data=528 RW-data=96 ZI-data=5320  
FromELF: creating hex file...
User command #1: fromelf.exe --bin -o mcu_project.bin mcu_project.axf
"mcu_project.axf" - 0 Error(s), 0 Warning(s).
Build target 'default'
compiling main.c...
..\code\app\config.h(20): warning:  #47-D: incompatible redefinition of macro "PRINT" (declared at line 13)
compiling proc.c...
..\code\app\config.h(20): warning:  #47-D: incompatible redefinition of macro "PRINT" (declared at line 13)
compiling clk.c...
..\code\app\config.h(20): warning:  #47-D: incompatible redefinition of macro "PRINT" (declared at line 13)
compiling mcu.c...
..\code\app\config.h(20): warning:  #47-D: incompatible redefinition of macro "PRINT" (declared at line 13)
compiling print.c...
..\code\app\config.h(20): warning:  #47-D: incompatible redefinition of macro "PRINT" (declared at line 13)
..\code\driver\print.c(26): warning:  #223-D: function "utPrt" declared implicitly
compiling uart.c...
..\code\app\config.h(20): warning:  #47-D: incompatible redefinition of macro "PRINT" (declared at line 13)
Project build/rebuild aborted.
Target not created
Build target 'default'
compiling main.c...
..\code\app\config.h(21): warning:  #47-D: incompatible redefinition of macro "PRINT" (declared at line 14)
compiling proc.c...
..\code\app\config.h(21): warning:  #47-D: incompatible redefinition of macro "PRINT" (declared at line 14)
compiling clk.c...
..\code\app\config.h(21): warning:  #47-D: incompatible redefinition of macro "PRINT" (declared at line 14)
compiling mcu.c...
..\code\app\config.h(21): warning:  #47-D: incompatible redefinition of macro "PRINT" (declared at line 14)
compiling print.c...
..\code\app\config.h(21): warning:  #47-D: incompatible redefinition of macro "PRINT" (declared at line 14)
compiling uart.c...
..\code\app\config.h(21): warning:  #47-D: incompatible redefinition of macro "PRINT" (declared at line 14)
compiling fifo.c...
..\code\app\config.h(21): warning:  #47-D: incompatible redefinition of macro "PRINT" (declared at line 14)
compiling stm32f10x_it.c...
..\code\app\config.h(21): warning:  #47-D: incompatible redefinition of macro "PRINT" (declared at line 14)
Project build/rebuild aborted.
Target not created
Build target 'default'
compiling main.c...
compiling proc.c...
compiling clk.c...
compiling mcu.c...
compiling print.c...
compiling uart.c...
compiling fifo.c...
compiling stm32f10x_it.c...
linking...
Program Size: Code=16720 RO-data=652 RW-data=108 ZI-data=5316  
FromELF: creating hex file...
User command #1: fromelf.exe --bin -o mcu_project.bin mcu_project.axf
"mcu_project.axf" - 0 Error(s), 0 Warning(s).
Build target 'default'
compiling main.c...
compiling proc.c...
compiling clk.c...
compiling mcu.c...
compiling print.c...
compiling uart.c...
compiling fifo.c...
compiling stm32f10x_it.c...
linking...
Program Size: Code=16048 RO-data=652 RW-data=96 ZI-data=5320  
FromELF: creating hex file...
User command #1: fromelf.exe --bin -o mcu_project.bin mcu_project.axf
"mcu_project.axf" - 0 Error(s), 0 Warning(s).
Build target 'default'
compiling main.c...
compiling proc.c...
compiling clk.c...
compiling mcu.c...
compiling print.c...
..\code\driver\print.c(25): warning:  #223-D: function "prt" declared implicitly
compiling uart.c...
compiling fifo.c...
compiling stm32f10x_it.c...
linking...
mcu_project.axf: Error: L6218E: Undefined symbol prt (referred from print.o).
Target not created
Build target 'default'
compiling print.c...
linking...
Program Size: Code=16420 RO-data=652 RW-data=96 ZI-data=5320  
FromELF: creating hex file...
User command #1: fromelf.exe --bin -o mcu_project.bin mcu_project.axf
"mcu_project.axf" - 0 Error(s), 0 Warning(s).
Build target 'default'
linking...
Program Size: Code=16420 RO-data=652 RW-data=96 ZI-data=5320  
FromELF: creating hex file...
User command #1: fromelf.exe --bin -o mcu_project.bin mcu_project.axf
"mcu_project.axf" - 0 Error(s), 0 Warning(s).
Build target 'default'
compiling main.c...
compiling proc.c...
compiling clk.c...
compiling print.c...
compiling uart.c...
..\code\driver\uart.c(19): error:  #136: struct "_fifo" has no field "is_empty"
..\code\driver\uart.c(39): error:  #136: struct "_fifo" has no field "is_empty"
..\code\driver\uart.c(52): error:  #136: struct "_fifo" has no field "is_full"
compiling fifo.c...
..\code\driver\fifo.c(196): warning:  #177-D: function "_is_empty" was declared but never referenced
..\code\driver\fifo.c(204): warning:  #177-D: function "_is_full" was declared but never referenced
compiling stm32f10x_it.c...
Target not created
Build target 'default'
compiling uart.c...
..\code\driver\uart.c(34): warning:  #177-D: variable "num" was declared but never referenced
..\code\driver\uart.c(35): warning:  #177-D: variable "data" was declared but never referenced
linking...
Program Size: Code=16228 RO-data=700 RW-data=96 ZI-data=5280  
FromELF: creating hex file...
User command #1: fromelf.exe --bin -o mcu_project.bin mcu_project.axf
"mcu_project.axf" - 0 Error(s), 2 Warning(s).
Build target 'default'
compiling main.c...
compiling proc.c...
compiling uart.c...
..\code\driver\uart.c(34): warning:  #177-D: variable "num" was declared but never referenced
..\code\driver\uart.c(35): warning:  #177-D: variable "data" was declared but never referenced
compiling fifo.c...
..\code\driver\fifo.c(196): warning:  #177-D: function "_is_empty" was declared but never referenced
..\code\driver\fifo.c(204): warning:  #177-D: function "_is_full" was declared but never referenced
linking...
Program Size: Code=16228 RO-data=700 RW-data=96 ZI-data=5280  
FromELF: creating hex file...
User command #1: fromelf.exe --bin -o mcu_project.bin mcu_project.axf
"mcu_project.axf" - 0 Error(s), 4 Warning(s).
Build target 'default'
compiling main.c...
compiling proc.c...
compiling uart.c...
..\code\driver\uart.c(34): warning:  #177-D: variable "num" was declared but never referenced
..\code\driver\uart.c(35): warning:  #177-D: variable "data" was declared but never referenced
compiling fifo.c...
..\code\driver\fifo.c(196): warning:  #177-D: function "_is_empty" was declared but never referenced
..\code\driver\fifo.c(204): warning:  #177-D: function "_is_full" was declared but never referenced
linking...
Program Size: Code=16228 RO-data=700 RW-data=96 ZI-data=5280  
FromELF: creating hex file...
User command #1: fromelf.exe --bin -o mcu_project.bin mcu_project.axf
"mcu_project.axf" - 0 Error(s), 4 Warning(s).
Build target 'default'
compiling main.c...
compiling proc.c...
compiling uart.c...
..\code\driver\uart.c(23): error:  #167: argument of type "u32 *" is incompatible with parameter of type "u8 *"
..\code\driver\uart.c(23): error:  #167: argument of type "u32 *" is incompatible with parameter of type "u8 *"
..\code\driver\uart.c(34): warning:  #177-D: variable "num" was declared but never referenced
..\code\driver\uart.c(35): warning:  #177-D: variable "data" was declared but never referenced
compiling fifo.c...
..\code\driver\fifo.c(52): warning:  #513-D: a value of type "fifo_error_code_t (*)(fifo_t *, u8 *, u32)" cannot be assigned to an entity of type "fifo_error_code_t (*)(struct _fifo *, u8 *, u8)"
..\code\driver\fifo.c(53): warning:  #513-D: a value of type "fifo_error_code_t (*)(fifo_t *, u8 *, u32 *)" cannot be assigned to an entity of type "fifo_error_code_t (*)(struct _fifo *, u8 *, u8 *)"
..\code\driver\fifo.c(54): warning:  #513-D: a value of type "fifo_error_code_t (*)(fifo_t *, u32 *, u32 *)" cannot be assigned to an entity of type "fifo_error_code_t (*)(struct _fifo *, u8 *, u8 *)"
..\code\driver\fifo.c(196): warning:  #177-D: function "_is_empty" was declared but never referenced
..\code\driver\fifo.c(204): warning:  #177-D: function "_is_full" was declared but never referenced
Target not created
Build target 'default'
compiling main.c...
compiling proc.c...
compiling clk.c...
compiling print.c...
..\code\driver\print.c(79): error:  #852: expression must be a pointer to a complete object type
compiling uart.c...
..\code\driver\uart.c(23): error:  #167: argument of type "u32 *" is incompatible with parameter of type "u8 *"
..\code\driver\uart.c(34): warning:  #177-D: variable "num" was declared but never referenced
..\code\driver\uart.c(35): warning:  #177-D: variable "data" was declared but never referenced
compiling fifo.c...
..\code\driver\fifo.c(58): warning:  #223-D: function "zalloc" declared implicitly
..\code\driver\fifo.c(189): warning:  #1441-D: nonstandard cast on lvalue
..\code\driver\fifo.c(189): error:  #137: expression must be a modifiable lvalue
compiling stm32f10x_it.c...
Target not created
Build target 'default'
compiling print.c...
compiling uart.c...
..\code\driver\uart.c(23): error:  #167: argument of type "u32 *" is incompatible with parameter of type "u8 *"
..\code\driver\uart.c(34): warning:  #177-D: variable "num" was declared but never referenced
..\code\driver\uart.c(35): warning:  #177-D: variable "data" was declared but never referenced
compiling fifo.c...
..\code\driver\fifo.c(58): warning:  #223-D: function "zalloc" declared implicitly
..\code\driver\fifo.c(189): warning:  #1441-D: nonstandard cast on lvalue
..\code\driver\fifo.c(189): error:  #137: expression must be a modifiable lvalue
Target not created
Build target 'default'
compiling uart.c...
..\code\driver\uart.c(35): warning:  #177-D: variable "num" was declared but never referenced
..\code\driver\uart.c(36): warning:  #177-D: variable "data" was declared but never referenced
compiling fifo.c...
..\code\driver\fifo.c(190): warning:  #1441-D: nonstandard cast on lvalue
..\code\driver\fifo.c(190): error:  #137: expression must be a modifiable lvalue
Target not created
Build target 'default'
compiling fifo.c...
..\code\driver\fifo.c(190): warning:  #1441-D: nonstandard cast on lvalue
..\code\driver\fifo.c(190): error:  #137: expression must be a modifiable lvalue
Target not created
Build target 'default'
compiling fifo.c...
..\code\driver\fifo.c(190): error:  #513: a value of type "u8 *" cannot be assigned to an entity of type "u32"
Target not created
Build target 'default'
compiling fifo.c...
linking...
Program Size: Code=16592 RO-data=708 RW-data=104 ZI-data=5280  
FromELF: creating hex file...
User command #1: fromelf.exe --bin -o mcu_project.bin mcu_project.axf
"mcu_project.axf" - 0 Error(s), 0 Warning(s).
Build target 'default'
compiling main.c...
compiling proc.c...
compiling print.c...
compiling uart.c...
..\code\driver\uart.c(34): error:  #29: expected an expression
compiling fifo.c...
..\code\driver\fifo.c(143): warning:  #223-D: function "_is_empty" declared implicitly
..\code\driver\fifo.c(186): warning:  #223-D: function "_is_empty" declared implicitly
Target not created
Build target 'default'
compiling uart.c...
linking...
mcu_project.axf: Error: L6218E: Undefined symbol _is_empty (referred from fifo.o).
Target not created
Build target 'default'
compiling fifo.c...
..\code\driver\fifo.c(186): warning:  #223-D: function "_is_empty" declared implicitly
linking...
mcu_project.axf: Error: L6218E: Undefined symbol _is_empty (referred from fifo.o).
Target not created
Build target 'default'
compiling fifo.c...
linking...
Program Size: Code=16752 RO-data=648 RW-data=104 ZI-data=5288  
FromELF: creating hex file...
User command #1: fromelf.exe --bin -o mcu_project.bin mcu_project.axf
"mcu_project.axf" - 0 Error(s), 0 Warning(s).
Build target 'default'
linking...
Program Size: Code=16752 RO-data=648 RW-data=104 ZI-data=5288  
FromELF: creating hex file...
User command #1: fromelf.exe --bin -o mcu_project.bin mcu_project.axf
"mcu_project.axf" - 0 Error(s), 0 Warning(s).
Build target 'default'
compiling main.c...
compiling print.c...
compiling uart.c...
compiling fifo.c...
linking...
Program Size: Code=16568 RO-data=640 RW-data=104 ZI-data=5288  
FromELF: creating hex file...
User command #1: fromelf.exe --bin -o mcu_project.bin mcu_project.axf
"mcu_project.axf" - 0 Error(s), 0 Warning(s).
Build target 'default'
compiling print.c...
compiling uart.c...
compiling fifo.c...
..\code\driver\fifo.c(200): error:  #167: argument of type "void" is incompatible with parameter of type "void *"
Target not created
Build target 'default'
compiling fifo.c...
..\code\driver\fifo.c(200): error:  #171: invalid type conversion
Target not created
Build target 'default'
compiling fifo.c...
..\code\driver\fifo.c(200): error:  #167: argument of type "u8" is incompatible with parameter of type "void *"
Target not created
Build target 'default'
compiling fifo.c...
..\code\driver\fifo.c(200): error:  #513: a value of type "u32" cannot be assigned to an entity of type "u8 *"
Target not created
Build target 'default'
compiling fifo.c...
..\code\driver\fifo.c(168): error:  #29: expected an expression
Target not created
Build target 'default'
compiling fifo.c...
..\code\driver\fifo.c(168): error:  #144: a value of type "u32" cannot be used to initialize an entity of type "u8 *"
Target not created
Build target 'default'
compiling fifo.c...
..\code\driver\fifo.c(200): error:  #513: a value of type "u8" cannot be assigned to an entity of type "u8 *"
Target not created
Build target 'default'
compiling fifo.c...
linking...
Program Size: Code=16428 RO-data=616 RW-data=104 ZI-data=5288  
FromELF: creating hex file...
User command #1: fromelf.exe --bin -o mcu_project.bin mcu_project.axf
"mcu_project.axf" - 0 Error(s), 0 Warning(s).
Build target 'default'
linking...
Program Size: Code=16428 RO-data=616 RW-data=104 ZI-data=5288  
FromELF: creating hex file...
User command #1: fromelf.exe --bin -o mcu_project.bin mcu_project.axf
"mcu_project.axf" - 0 Error(s), 0 Warning(s).
Build target 'default'
compiling main.c...
compiling proc.c...
compiling uart.c...
compiling fifo.c...
linking...
Program Size: Code=16420 RO-data=616 RW-data=104 ZI-data=5288  
FromELF: creating hex file...
User command #1: fromelf.exe --bin -o mcu_project.bin mcu_project.axf
"mcu_project.axf" - 0 Error(s), 0 Warning(s).
Build target 'default'
compiling print.c...
linking...
Program Size: Code=16332 RO-data=616 RW-data=104 ZI-data=5288  
FromELF: creating hex file...
User command #1: fromelf.exe --bin -o mcu_project.bin mcu_project.axf
"mcu_project.axf" - 0 Error(s), 0 Warning(s).
Build target 'default'
compiling uart.c...
linking...
Program Size: Code=16304 RO-data=616 RW-data=104 ZI-data=5288  
FromELF: creating hex file...
User command #1: fromelf.exe --bin -o mcu_project.bin mcu_project.axf
"mcu_project.axf" - 0 Error(s), 0 Warning(s).
Build target 'default'
compiling uart.c...
compiling fifo.c...
linking...
Program Size: Code=16136 RO-data=628 RW-data=92 ZI-data=5284  
FromELF: creating hex file...
User command #1: fromelf.exe --bin -o mcu_project.bin mcu_project.axf
"mcu_project.axf" - 0 Error(s), 0 Warning(s).
Build target 'default'
compiling uart.c...
linking...
Program Size: Code=16152 RO-data=628 RW-data=92 ZI-data=5284  
FromELF: creating hex file...
User command #1: fromelf.exe --bin -o mcu_project.bin mcu_project.axf
"mcu_project.axf" - 0 Error(s), 0 Warning(s).
Build target 'default'
compiling main.c...
compiling proc.c...
compiling uart.c...
..\code\driver\uart.c(19): warning:  #223-D: function "uart_dma_write" declared implicitly
..\code\driver\uart.c(45): warning:  #223-D: function "uart_dma_write" declared implicitly
compiling fifo.c...
linking...
Program Size: Code=16528 RO-data=656 RW-data=92 ZI-data=5292  
FromELF: creating hex file...
User command #1: fromelf.exe --bin -o mcu_project.bin mcu_project.axf
"mcu_project.axf" - 0 Error(s), 2 Warning(s).
Build target 'default'
compiling uart.c...
..\code\driver\uart.c(46): error:  #167: argument of type "u8 *" is incompatible with parameter of type "u32"
Target not created
Build target 'default'
compiling uart.c...
linking...
Program Size: Code=16528 RO-data=656 RW-data=92 ZI-data=5292  
FromELF: creating hex file...
User command #1: fromelf.exe --bin -o mcu_project.bin mcu_project.axf
"mcu_project.axf" - 0 Error(s), 0 Warning(s).
Build target 'default'
compiling fifo.c...
linking...
Program Size: Code=16756 RO-data=656 RW-data=104 ZI-data=5288  
FromELF: creating hex file...
User command #1: fromelf.exe --bin -o mcu_project.bin mcu_project.axf
"mcu_project.axf" - 0 Error(s), 0 Warning(s).
Build target 'default'
compiling main.c...
..\code\driver\uart.h(51): error:  #79: expected a type specifier
compiling proc.c...
..\code\driver\uart.h(51): error:  #79: expected a type specifier
compiling uart.c...
..\code\driver\uart.h(51): error:  #79: expected a type specifier
compiling fifo.c...
Target not created
Build target 'default'
compiling main.c...
compiling proc.c...
compiling uart.c...
linking...
Program Size: Code=16756 RO-data=664 RW-data=104 ZI-data=5296  
FromELF: creating hex file...
User command #1: fromelf.exe --bin -o mcu_project.bin mcu_project.axf
"mcu_project.axf" - 0 Error(s), 0 Warning(s).
Build target 'default'
compiling uart.c...
linking...
Program Size: Code=16760 RO-data=664 RW-data=104 ZI-data=5296  
FromELF: creating hex file...
User command #1: fromelf.exe --bin -o mcu_project.bin mcu_project.axf
"mcu_project.axf" - 0 Error(s), 0 Warning(s).
Build target 'default'
compiling uart.c...
..\code\driver\uart.h(7): warning:  #47-D: incompatible redefinition of macro "UART_DEBUG" (declared at line 4 of "..\code\driver\uart.c")
..\code\driver\uart.c(39): error:  #18: expected a ")"
..\code\driver\uart.c(39): error:  #29: expected an expression
Target not created
Build target 'default'
compiling main.c...
compiling proc.c...
compiling uart.c...
..\code\driver\uart.c(39): error:  #18: expected a ")"
..\code\driver\uart.c(39): error:  #29: expected an expression
Target not created
Build target 'default'
compiling main.c...
compiling uart.c...
linking...
Program Size: Code=16864 RO-data=680 RW-data=104 ZI-data=5296  
FromELF: creating hex file...
User command #1: fromelf.exe --bin -o mcu_project.bin mcu_project.axf
"mcu_project.axf" - 0 Error(s), 0 Warning(s).
Build target 'default'
compiling main.c...
compiling uart.c...
linking...
Program Size: Code=16908 RO-data=688 RW-data=104 ZI-data=5296  
FromELF: creating hex file...
User command #1: fromelf.exe --bin -o mcu_project.bin mcu_project.axf
"mcu_project.axf" - 0 Error(s), 0 Warning(s).
